==============================
 Starting ComfyUI (MPS Mode)
==============================
[✓] Loaded .env
[→] Starting PostgreSQL...
[✓] PostgreSQL started
[✓] Virtual environment activated
[✓] Environment variables set (MPS + cache → project dir)

Launching ComfyUI on http://0.0.0.0:8188
Press Ctrl+C to stop.

[32m[INFO][0m setup plugin alembic.autogenerate.schemas
[32m[INFO][0m setup plugin alembic.autogenerate.tables
[32m[INFO][0m setup plugin alembic.autogenerate.types
[32m[INFO][0m setup plugin alembic.autogenerate.constraints
[32m[INFO][0m setup plugin alembic.autogenerate.defaults
[32m[INFO][0m setup plugin alembic.autogenerate.comments
[1m[33m[WARNING][0m Could not autodetect AIMDO implementation, assuming Nvidia
[32m[INFO][0m comfy-aimdo unsupported operating system: Darwin
[32m[INFO][0m NOTE: comfy-aimdo currently only supports Windows and Linux
[32m[INFO][0m Adding extra search path checkpoints /Volumes/Kathi/AntiGravity/ComfyUI/data/models/checkpoints
[32m[INFO][0m Adding extra search path loras /Volumes/Kathi/AntiGravity/ComfyUI/data/models/loras
[32m[INFO][0m Adding extra search path vae /Volumes/Kathi/AntiGravity/ComfyUI/data/models/vae
[32m[INFO][0m Adding extra search path controlnet /Volumes/Kathi/AntiGravity/ComfyUI/data/models/controlnet
[32m[INFO][0m Adding extra search path upscale_models /Volumes/Kathi/AntiGravity/ComfyUI/data/models/upscale_models
[32m[INFO][0m Adding extra search path clip /Volumes/Kathi/AntiGravity/ComfyUI/data/models/clip
[32m[INFO][0m Adding extra search path clip_vision /Volumes/Kathi/AntiGravity/ComfyUI/data/models/clip_vision
[32m[INFO][0m Adding extra search path embeddings /Volumes/Kathi/AntiGravity/ComfyUI/data/models/embeddings
[32m[INFO][0m Adding extra search path diffusion_models /Volumes/Kathi/AntiGravity/ComfyUI/data/models/diffusion_models
[32m[INFO][0m Adding extra search path configs /Volumes/Kathi/AntiGravity/ComfyUI/data/models/configs
[32m[INFO][0m Adding extra search path text_encoders /Volumes/Kathi/AntiGravity/ComfyUI/data/models/text_encoders
[32m[INFO][0m Adding extra search path latent_upscale_models /Volumes/Kathi/AntiGravity/ComfyUI/data/models/latent_upscale_models
[32m[INFO][0m Setting output directory to: /Volumes/Kathi/AntiGravity/ComfyUI/data/output
[32m[INFO][0m Setting input directory to: /Volumes/Kathi/AntiGravity/ComfyUI/data/input
[32m[INFO][0m Setting user directory to: /Volumes/Kathi/AntiGravity/ComfyUI/data/user
[32m[INFO][0m Found comfy_kitchen backend eager: {'available': True, 'disabled': False, 'unavailable_reason': None, 'capabilities': ['adaln', 'apply_rope', 'apply_rope1', 'apply_rope_split_half', 'apply_rope_split_half1', 'convrot_w4a4_linear', 'dequantize_convrot_w4a4_weight', 'dequantize_int8_convrot_weight', 'dequantize_int8_convrot_weight_dtype', 'dequantize_int8_simple', 'dequantize_int8_simple_dtype', 'dequantize_mxfp8', 'dequantize_nvfp4', 'dequantize_per_tensor_fp8', 'gemv_awq_w4a16', 'int8_linear', 'prepare_int4_weight_for_int8_linear', 'quantize_and_rotate_rowwise', 'quantize_convrot_w4a4_weight', 'quantize_int8_convrot_weight', 'quantize_int8_rowwise', 'quantize_int8_tensorwise', 'quantize_mxfp8', 'quantize_nvfp4', 'quantize_per_tensor_fp8', 'quantize_svdquant_w4a4', 'rms_rope', 'rms_rope1', 'rms_rope_split_half', 'rms_rope_split_half1', 'scaled_mm_mxfp8', 'scaled_mm_nvfp4', 'scaled_mm_svdquant_w4a4', 'stochastic_rounding_fp8']}
[32m[INFO][0m Found comfy_kitchen backend triton: {'available': False, 'disabled': True, 'unavailable_reason': "ImportError: No module named 'triton'", 'capabilities': []}
[32m[INFO][0m Found comfy_kitchen backend cuda: {'available': False, 'disabled': True, 'unavailable_reason': 'Extension file not found: /Volumes/Kathi/AntiGravity/ComfyUI/venv/lib/python3.14/site-packages/comfy_kitchen/backends/cuda/_C.abi3.so', 'capabilities': []}
[32m[INFO][0m Checkpoint files will always be loaded safely.
[32m[INFO][0m Total VRAM 16384 MB, total RAM 16384 MB
[32m[INFO][0m pytorch version: 2.13.0
[32m[INFO][0m Mac Version (14, 7, 4)
[32m[INFO][0m Set vram state to: SHARED
[32m[INFO][0m Device: mps
[32m[INFO][0m Using split optimization for attention
[32m[INFO][0m Python version: 3.14.5 (v3.14.5:5607950ef23, May 10 2026, 07:38:09) [Clang 21.0.0 (clang-2100.0.123.102)]
[32m[INFO][0m ComfyUI version: 0.28.0
[32m[INFO][0m comfy-aimdo version: 0.4.10
[32m[INFO][0m comfy-kitchen version: 0.2.22
[32m[INFO][0m Setting temp directory to: /Volumes/Kathi/AntiGravity/ComfyUI/data/temp/temp
[32m[INFO][0m comfyui-frontend-package version: 1.45.21
[32m[INFO][0m comfyui-workflow-templates version: 0.11.12
[32m[INFO][0m comfyui-embedded-docs version: 0.5.8
[32m[INFO][0m comfy-kitchen version: 0.2.22
[32m[INFO][0m comfy-aimdo version: 0.4.10
[32m[INFO][0m [Prompt Server] web root: /Volumes/Kathi/AntiGravity/ComfyUI/venv/lib/python3.14/site-packages/comfyui_frontend_package/static
[32m[INFO][0m Asset seeder disabled
[32m[INFO][0m No OpenGL_accelerate module loaded: No module named 'OpenGL_accelerate'
[32m[INFO][0m 
Import times for custom nodes:
[32m[INFO][0m    0.0 seconds: /Volumes/Kathi/AntiGravity/ComfyUI/app/custom_nodes/websocket_image_save.py
[32m[INFO][0m    0.2 seconds: /Volumes/Kathi/AntiGravity/ComfyUI/app/custom_nodes/comfyui-secure-auth
[32m[INFO][0m 
[32m[INFO][0m Context impl SQLiteImpl.
[32m[INFO][0m Will assume non-transactional DDL.
[32m[INFO][0m Using RAM pressure cache.
[32m[INFO][0m Starting server

[32m[INFO][0m To see the GUI go to: http://0.0.0.0:8188
scripts/start.sh: line 72:  3998 Terminated: 15          python main.py --listen "${COMFYUI_HOST:-0.0.0.0}" --port "${COMFYUI_PORT:-8188}" --force-fp16 --force-upcast-attention --use-split-cross-attention --output-directory "${PROJECT_ROOT}/data/output" --temp-directory "${PROJECT_ROOT}/data/temp" --input-directory "${PROJECT_ROOT}/data/input" --user-directory "${PROJECT_ROOT}/data/user" --database-url "sqlite:///${PROJECT_ROOT}/data/user/comfyui.db" --extra-model-paths-config "${PROJECT_ROOT}/config/extra_model_paths.yaml"
